........................................................................ [ 61%]
.............................................                            [100%]
117 passed in 3.40s
